// Jest Snapshot v1, https://goo.gl/fbAQLP

exports[`PageDefinition renders correctly using snapshot 1`] = `
<div
  className="form-horizontal"
>
  
  <p />
  <div>
    <div
      className="form-group required"
    >
      <label
        className="col-sm-2 control-label"
      >
        Source 
         Container ID
      </label>
      <div
        className="col-sm-10"
      >
        <input
          className="form-control"
          name="ContainerId"
          onChange={[Function]}
          type="text"
        />
      </div>
    </div>
    <div
      className="form-group required"
    >
      <label
        className="col-sm-2 control-label"
      >
        Source 
         Process ID
      </label>
      <div
        className="col-sm-10"
      >
        <input
          className="form-control"
          name="processId"
          onChange={[Function]}
          type="text"
        />
      </div>
    </div>
  </div>
  <button
    className="btn btn-default"
    disabled={false}
    onClick={[Function]}
    type="button"
  >
    Copy Source To Target
  </button>
  <p />
  <div>
    <div
      className="form-group required"
    >
      <label
        className="col-sm-2 control-label"
      >
        Target 
         Container ID
      </label>
      <div
        className="col-sm-10"
      >
        <input
          className="form-control"
          name="ContainerId"
          onChange={[Function]}
          type="text"
        />
      </div>
    </div>
    <div
      className="form-group required"
    >
      <label
        className="col-sm-2 control-label"
      >
        Target 
         Process ID
      </label>
      <div
        className="col-sm-10"
      >
        <input
          className="form-control"
          name="processId"
          onChange={[Function]}
          type="text"
        />
      </div>
    </div>
  </div>
  <button
    className="btn btn-default"
    disabled={false}
    onClick={[Function]}
    type="button"
  >
    Retrieve definitions from backend
  </button>
  <div
    className="form-group"
  >
    <label
      className="col-sm-2 control-label"
    >
      evaluation_2.0.0-SNAPSHOT
    </label>
    <label
      className="col-sm-2 control-label"
    >
      mortgage-process_1.0.0-SNAPSHOT
    </label>
  </div>
</div>
`;
