// Jest Snapshot v1, https://goo.gl/fbAQLP

exports[`PageReview renders correctly using snapshot 1`] = `
<div>
  <div
    className="form-group"
  >
    <button
      className="btn btn-default"
      disabled={false}
      onClick={[Function]}
      type="button"
    >
      Export
    </button>
    <pre>
      {"id":99,"definition":{"execution":{"type":"ASYNC","callback_url":"This is mockup reponse","scheduled_start_time":null},"plan_id":2,"process_instance_ids":[1],"kieServerId":"sample-server"},"status":"CREATED","created_at":"2019-01-12T01:04:52.035","started_at":null,"finished_at":null,"cancelled_at":null,"error_message":null}
    </pre>
    <a
      id="downloadAnchorElem"
      style={
        Object {
          "display": "none",
        }
      }
    />
  </div>
</div>
`;
