// Jest Snapshot v1, https://goo.gl/fbAQLP

exports[`PageDefinition renders correctly using snapshot 1`] = `
<form
  className="form-horizontal"
>
  
  <div
    className="col-sm-12"
  >
    <h3>
      Source
    </h3>
  </div>
  <div
    className="required form-group"
  >
    <label
      className="col-sm-3 control-label"
      htmlFor="Sourcedropdown_containerid"
    >
      Container:
    </label>
    <div
      className="col-sm-9"
    >
      <div
        className="dropdown btn-group"
      >
        <button
          aria-expanded={false}
          aria-haspopup={true}
          className="dropdown-toggle btn btn-default"
          disabled={false}
          id="Source-ContainerDropdown"
          onClick={[Function]}
          onKeyDown={[Function]}
          role="button"
          type="button"
        >
          sourceContainerId
           
          <span
            className="caret"
          />
        </button>
        <ul
          aria-labelledby="Source-ContainerDropdown"
          className="dropdown-menu"
          role="menu"
        />
      </div>
    </div>
  </div>
  <div
    className="required form-group"
  >
    <label
      className="col-sm-3 control-label"
      htmlFor="Sourcedropdown_processid"
    >
      Process:
    </label>
    <div
      className="col-sm-9"
    >
      <div
        className="dropdown btn-group"
      >
        <button
          aria-expanded={false}
          aria-haspopup={true}
          className="dropdown-toggle btn btn-default"
          disabled={false}
          id="Source-ProcessDropdown"
          onClick={[Function]}
          onKeyDown={[Function]}
          role="button"
          type="button"
        >
          Select a process
           
          <span
            className="caret"
          />
        </button>
        <ul
          aria-labelledby="Source-ProcessDropdown"
          className="dropdown-menu"
          role="menu"
        />
      </div>
      
    </div>
  </div>
  <div
    className="col-sm-12"
  >
    <h3>
      Target
    </h3>
  </div>
  <div
    className="required form-group"
  >
    <label
      className="col-sm-3 control-label"
      htmlFor="Targetdropdown_containerid"
    >
      Container:
    </label>
    <div
      className="col-sm-9"
    >
      <div
        className="dropdown btn-group"
      >
        <button
          aria-expanded={false}
          aria-haspopup={true}
          className="dropdown-toggle btn btn-default"
          disabled={false}
          id="Target-ContainerDropdown"
          onClick={[Function]}
          onKeyDown={[Function]}
          role="button"
          type="button"
        >
          targetContainerId
           
          <span
            className="caret"
          />
        </button>
        <ul
          aria-labelledby="Target-ContainerDropdown"
          className="dropdown-menu"
          role="menu"
        />
      </div>
    </div>
  </div>
  <div
    className="required form-group"
  >
    <label
      className="col-sm-3 control-label"
      htmlFor="Targetdropdown_processid"
    >
      Process:
    </label>
    <div
      className="col-sm-9"
    >
      <div
        className="dropdown btn-group"
      >
        <button
          aria-expanded={false}
          aria-haspopup={true}
          className="dropdown-toggle btn btn-default"
          disabled={false}
          id="Target-ProcessDropdown"
          onClick={[Function]}
          onKeyDown={[Function]}
          role="button"
          type="button"
        >
          Select a process
           
          <span
            className="caret"
          />
        </button>
        <ul
          aria-labelledby="Target-ProcessDropdown"
          className="dropdown-menu"
          role="menu"
        />
      </div>
      
    </div>
  </div>
</form>
`;
