// Jest Snapshot v1, https://goo.gl/fbAQLP

exports[`PageMapping renders correctly using snapshot 1`] = `
<form
  className="form-horizontal"
>
  
  <div
    className="form-group"
  >
    <label
      className="col-sm-4 control-label"
      htmlFor="mappingHeader"
    >
      Source: 
      evaluation_2.0.0-SNAPSHOT
       
       / 
      evaluation
    </label>
    <label
      className="col-sm-4 control-label"
      htmlFor="mappingHeader"
    >
      Target: 
      mortgage-process_1.0.0-SNAPSHOT
       
       / 
      Mortgage_Process.MortgageApprovalProcess
    </label>
    <div
      className="col-sm-4"
    />
  </div>
  <div
    className="form-group"
  >
    <div
      className="text-right col-sm-4"
    >
      <div
        className="dropdown btn-group"
      >
        <button
          aria-expanded={false}
          aria-haspopup={true}
          className="dropdown-toggle btn btn-default"
          disabled={false}
          id="nodeMappingDropdown"
          onClick={[Function]}
          onKeyDown={[Function]}
          role="button"
          type="button"
        >
          Source Nodes
           
          <span
            className="caret"
          />
        </button>
        <ul
          aria-labelledby="nodeMappingDropdown"
          className="dropdown-menu"
          role="menu"
        >
          <li
            className=""
            role="presentation"
          >
            <a
              href="#"
              onClick={[Function]}
              onKeyDown={[Function]}
              role="menuitem"
              tabIndex="-1"
            >
              HR Evaluation
               (
              userTask
              )
            </a>
          </li>
          <li
            className=""
            role="presentation"
          >
            <a
              href="#"
              onClick={[Function]}
              onKeyDown={[Function]}
              role="menuitem"
              tabIndex="-1"
            >
              Input
               (
              userTask
              )
            </a>
          </li>
          <li
            className=""
            role="presentation"
          >
            <a
              href="#"
              onClick={[Function]}
              onKeyDown={[Function]}
              role="menuitem"
              tabIndex="-1"
            >
              PM Evaluation
               (
              userTask
              )
            </a>
          </li>
          <li
            className=""
            role="presentation"
          >
            <a
              href="#"
              onClick={[Function]}
              onKeyDown={[Function]}
              role="menuitem"
              tabIndex="-1"
            >
              Self Evaluation
               (
              userTask
              )
            </a>
          </li>
        </ul>
      </div>
    </div>
    <div
      className="text-right col-sm-4"
    >
      <div
        className="dropdown btn-group"
      >
        <button
          aria-expanded={false}
          aria-haspopup={true}
          className="dropdown-toggle btn btn-default"
          disabled={false}
          id="nodeMappingDropdown"
          onClick={[Function]}
          onKeyDown={[Function]}
          role="button"
          type="button"
        >
          Target Nodes
           
          <span
            className="caret"
          />
        </button>
        <ul
          aria-labelledby="nodeMappingDropdown"
          className="dropdown-menu"
          role="menu"
        >
          <li
            className=""
            role="presentation"
          >
            <a
              href="#"
              onClick={[Function]}
              onKeyDown={[Function]}
              role="menuitem"
              tabIndex="-1"
            >
              Correct Data
               (
              userTask
              )
            </a>
          </li>
          <li
            className=""
            role="presentation"
          >
            <a
              href="#"
              onClick={[Function]}
              onKeyDown={[Function]}
              role="menuitem"
              tabIndex="-1"
            >
              Final Approval
               (
              userTask
              )
            </a>
          </li>
          <li
            className=""
            role="presentation"
          >
            <a
              href="#"
              onClick={[Function]}
              onKeyDown={[Function]}
              role="menuitem"
              tabIndex="-1"
            >
              Increase Down Payment
               (
              userTask
              )
            </a>
          </li>
          <li
            className=""
            role="presentation"
          >
            <a
              href="#"
              onClick={[Function]}
              onKeyDown={[Function]}
              role="menuitem"
              tabIndex="-1"
            >
              Mortgage Calculation
               (
              businessRuleTask
              )
            </a>
          </li>
          <li
            className=""
            role="presentation"
          >
            <a
              href="#"
              onClick={[Function]}
              onKeyDown={[Function]}
              role="menuitem"
              tabIndex="-1"
            >
              Qualify
               (
              userTask
              )
            </a>
          </li>
          <li
            className=""
            role="presentation"
          >
            <a
              href="#"
              onClick={[Function]}
              onKeyDown={[Function]}
              role="menuitem"
              tabIndex="-1"
            >
              Retract Validation
               (
              businessRuleTask
              )
            </a>
          </li>
          <li
            className=""
            role="presentation"
          >
            <a
              href="#"
              onClick={[Function]}
              onKeyDown={[Function]}
              role="menuitem"
              tabIndex="-1"
            >
              Validation1
               (
              businessRuleTask
              )
            </a>
          </li>
        </ul>
      </div>
    </div>
    <div
      className="col-sm-4"
    >
      <button
        className="btn btn-primary"
        disabled={false}
        onClick={[Function]}
        type="button"
      >
        Map these two nodes
      </button>
    </div>
  </div>
  <div
    className="form-group"
  >
    <label
      className="col-sm-4 control-label"
      htmlFor="mappingLabels"
    >
      Mappings:
    </label>
    <div
      className="col-sm-8"
    />
  </div>
  <div
    className="form-group"
  >
    <div
      className="text-right col-sm-4"
    >
      <button
        className="btn btn-default"
        disabled={false}
        onClick={[Function]}
        type="button"
      >
        Show
         Source Diagram
      </button>
    </div>
    <div
      className="text-right col-sm-4"
    >
      <button
        className="btn btn-default"
        disabled={false}
        onClick={[Function]}
        type="button"
      >
        Show
         Target Diagram
      </button>
    </div>
  </div>
</form>
`;
