// Jest Snapshot v1, https://goo.gl/fbAQLP

exports[`PageViewMigrationLogs renders correctly using snapshot 1`] = `
<div>
  <div
    className="container-fluid"
  >
    <table
      className="table dataTable table-striped table-bordered table-hover"
      role="grid"
    >
      <thead>
        <tr>
          <th
            aria-label="ID"
            className="sorting sort sort-none"
            colSpan={1}
            index={0}
            onClick={[Function]}
            rowSpan={1}
          >
            ID
          </th>
          <th
            aria-label="Migration ID"
            className="sorting sort sort-none"
            colSpan={1}
            index={1}
            onClick={[Function]}
            rowSpan={1}
          >
            Migration ID
          </th>
          <th
            aria-label="Process Instance ID"
            className="sorting sort sort-none"
            colSpan={1}
            index={2}
            onClick={[Function]}
            rowSpan={1}
          >
            Process Instance ID
          </th>
          <th
            aria-label="Started Time"
            className="sorting sort sort-none"
            colSpan={1}
            index={3}
            onClick={[Function]}
            rowSpan={1}
          >
            Started Time
          </th>
          <th
            aria-label="Finished Time"
            className="sorting sort sort-none"
            colSpan={1}
            index={4}
            onClick={[Function]}
            rowSpan={1}
          >
            Finished Time
          </th>
          <th
            aria-label="Status"
            className="sorting sort sort-none"
            colSpan={1}
            index={5}
            onClick={[Function]}
            rowSpan={1}
          >
            Status
          </th>
          <th
            aria-label="Actions"
            className=""
            colSpan={1}
            index={6}
            rowSpan={1}
          >
            Actions
          </th>
        </tr>
      </thead>
      <tbody>
        <tr>
          <td
            className=""
          >
            1
          </td>
          <td
            className=""
          >
            1
          </td>
          <td
            className=""
          >
            N/A
          </td>
          <td
            className=""
          >
            2019-02-03T21:17:54.739Z
          </td>
          <td
            className=""
          >
            2019-02-03T21:17:54.854Z
          </td>
          <td
            className="success"
          >
            SUCCESS
          </td>
          <td
            className="table-view-pf-actions"
          >
            <div
              className="table-view-pf-btn"
              onBlur={[Function]}
              onFocus={[Function]}
              onMouseOut={[Function]}
              onMouseOver={[Function]}
            >
              <button
                className="btn btn-link"
                disabled={false}
                onClick={[Function]}
                type="button"
              >
                <span
                  aria-hidden={true}
                  className="fa fa-info-circle"
                />
              </button>
            </div>
          </td>
        </tr>
        <tr>
          <td
            className=""
          >
            2
          </td>
          <td
            className=""
          >
            1
          </td>
          <td
            className=""
          >
            N/A
          </td>
          <td
            className=""
          >
            2019-02-03T21:17:54.739Z
          </td>
          <td
            className=""
          >
            2019-02-03T21:17:54.854Z
          </td>
          <td
            className="success"
          >
            SUCCESS
          </td>
          <td
            className="table-view-pf-actions"
          >
            <div
              className="table-view-pf-btn"
              onBlur={[Function]}
              onFocus={[Function]}
              onMouseOut={[Function]}
              onMouseOver={[Function]}
            >
              <button
                className="btn btn-link"
                disabled={false}
                onClick={[Function]}
                type="button"
              >
                <span
                  aria-hidden={true}
                  className="fa fa-info-circle"
                />
              </button>
            </div>
          </td>
        </tr>
        <tr>
          <td
            className=""
          >
            3
          </td>
          <td
            className=""
          >
            1
          </td>
          <td
            className=""
          >
            N/A
          </td>
          <td
            className=""
          >
            2019-02-03T21:17:54.739Z
          </td>
          <td
            className=""
          >
            2019-02-03T21:17:54.854Z
          </td>
          <td
            className="success"
          >
            SUCCESS
          </td>
          <td
            className="table-view-pf-actions"
          >
            <div
              className="table-view-pf-btn"
              onBlur={[Function]}
              onFocus={[Function]}
              onMouseOut={[Function]}
              onMouseOver={[Function]}
            >
              <button
                className="btn btn-link"
                disabled={false}
                onClick={[Function]}
                type="button"
              >
                <span
                  aria-hidden={true}
                  className="fa fa-info-circle"
                />
              </button>
            </div>
          </td>
        </tr>
        <tr>
          <td
            className=""
          >
            4
          </td>
          <td
            className=""
          >
            1
          </td>
          <td
            className=""
          >
            N/A
          </td>
          <td
            className=""
          >
            2019-02-03T21:17:54.739Z
          </td>
          <td
            className=""
          >
            2019-02-03T21:17:54.854Z
          </td>
          <td
            className="success"
          >
            SUCCESS
          </td>
          <td
            className="table-view-pf-actions"
          >
            <div
              className="table-view-pf-btn"
              onBlur={[Function]}
              onFocus={[Function]}
              onMouseOut={[Function]}
              onMouseOver={[Function]}
            >
              <button
                className="btn btn-link"
                disabled={false}
                onClick={[Function]}
                type="button"
              >
                <span
                  aria-hidden={true}
                  className="fa fa-info-circle"
                />
              </button>
            </div>
          </td>
        </tr>
        <tr>
          <td
            className=""
          >
            5
          </td>
          <td
            className=""
          >
            1
          </td>
          <td
            className=""
          >
            N/A
          </td>
          <td
            className=""
          >
            2019-02-03T21:17:54.739Z
          </td>
          <td
            className=""
          >
            2019-02-03T21:17:54.854Z
          </td>
          <td
            className="success"
          >
            SUCCESS
          </td>
          <td
            className="table-view-pf-actions"
          >
            <div
              className="table-view-pf-btn"
              onBlur={[Function]}
              onFocus={[Function]}
              onMouseOut={[Function]}
              onMouseOver={[Function]}
            >
              <button
                className="btn btn-link"
                disabled={false}
                onClick={[Function]}
                type="button"
              >
                <span
                  aria-hidden={true}
                  className="fa fa-info-circle"
                />
              </button>
            </div>
          </td>
        </tr>
        <tr>
          <td
            className=""
          >
            6
          </td>
          <td
            className=""
          >
            1
          </td>
          <td
            className=""
          >
            N/A
          </td>
          <td
            className=""
          >
            2019-02-03T21:17:54.739Z
          </td>
          <td
            className=""
          >
            2019-02-03T21:17:54.854Z
          </td>
          <td
            className="success"
          >
            SUCCESS
          </td>
          <td
            className="table-view-pf-actions"
          >
            <div
              className="table-view-pf-btn"
              onBlur={[Function]}
              onFocus={[Function]}
              onMouseOut={[Function]}
              onMouseOver={[Function]}
            >
              <button
                className="btn btn-link"
                disabled={false}
                onClick={[Function]}
                type="button"
              >
                <span
                  aria-hidden={true}
                  className="fa fa-info-circle"
                />
              </button>
            </div>
          </td>
        </tr>
      </tbody>
    </table>
    <form
      className="content-view-pf-pagination migration-log-table-pagination table-view-pf-pagination clearfix"
      onSubmit={[Function]}
    >
      <div
        className="form-group"
      >
        <div
          className="dropup pagination-pf-pagesize btn-group"
        >
          <button
            aria-expanded={false}
            aria-haspopup={true}
            className="dropdown-toggle btn btn-default"
            disabled={false}
            id="pagination-row-dropdown"
            onClick={[Function]}
            onKeyDown={[Function]}
            role="button"
            type="button"
          >
            6
             
            <span
              className="caret"
            />
          </button>
          <ul
            aria-labelledby="pagination-row-dropdown"
            className="dropdown-menu"
            role="menu"
          >
            <li
              className="active"
              role="presentation"
            >
              <a
                href="#"
                onClick={[Function]}
                onKeyDown={[Function]}
                role="menuitem"
                tabIndex="-1"
              >
                6
              </a>
            </li>
            <li
              className=""
              role="presentation"
            >
              <a
                href="#"
                onClick={[Function]}
                onKeyDown={[Function]}
                role="menuitem"
                tabIndex="-1"
              >
                10
              </a>
            </li>
            <li
              className=""
              role="presentation"
            >
              <a
                href="#"
                onClick={[Function]}
                onKeyDown={[Function]}
                role="menuitem"
                tabIndex="-1"
              >
                15
              </a>
            </li>
          </ul>
        </div>
        <span>
          per page
        </span>
      </div>
      <div
        className="form-group"
      >
        <span>
          <span
            className="pagination-pf-items-current"
          >
            1
            -
            6
          </span>
           
          of
           
          <span
            className="pagination-pf-items-total"
          >
            18
          </span>
        </span>
        <ul
          className="pagination pagination-pf-back"
        >
          <li
            className="disabled"
          >
            <a
              href="#"
              onClick={[Function]}
              title="First Page"
            >
              <span
                aria-hidden={true}
                className="fa fa-angle-double-left i"
              />
            </a>
          </li>
          <li
            className="disabled"
          >
            <a
              href="#"
              onClick={[Function]}
              title="Previous Page"
            >
              <span
                aria-hidden={true}
                className="fa fa-angle-left i"
              />
            </a>
          </li>
        </ul>
        <label
          className="sr-only control-label"
        >
          Current Page
        </label>
        <input
          className="pagination-pf-page form-control"
          onChange={[Function]}
          type="text"
          value={1}
        />
        <span>
           
          of
           
          <span
            className="pagination-pf-pages"
          >
            3
          </span>
        </span>
        <ul
          className="pagination pagination-pf-forward"
        >
          <li
            className=""
          >
            <a
              href="#"
              onClick={[Function]}
              title="Next Page"
            >
              <span
                aria-hidden={true}
                className="fa fa-angle-right i"
              />
            </a>
          </li>
          <li
            className=""
          >
            <a
              href="#"
              onClick={[Function]}
              title="Last Page"
            >
              <span
                aria-hidden={true}
                className="fa fa-angle-double-right i"
              />
            </a>
          </li>
        </ul>
      </div>
    </form>
  </div>
</div>
`;
